STALE — captured 2026-04-04, predates the Redis memory rewrite.
This output came from the Hindsight-backed memory system, which no longer
exists: packages/hindsight was deleted and memory is now self-hosted Redis.
See docs/memory-architecture-v2.md. Kept as a record of that run only; it
does not describe current behaviour and will not reproduce.
════════════════════════════════════════════════════════════

════════════════════════════════════════════════════════════
✓ 01 — Storage Layer: Similarity Scoring (770ms)
════════════════════════════════════════════════════════════

════════════════════════════════════════════════════════════
  01 — Storage Layer: Similarity Scoring
════════════════════════════════════════════════════════════


── 1.1 Structural prefix stripping [F1] ──────────────────

  ✓ PASS: [user] prefix stripped — score similar to clean content (0.7571)
  ✓ PASS: [assistant] prefix stripped (0.7565)
  ✓ PASS: [system] prefix stripped (0.4692)

── 1.2 Structural label stripping [F1] ───────────────────

  ✓ PASS: "Task:" label stripped — content still matchable (0.7925925925925925)
  ✓ PASS: "Workers:" label stripped — content still matchable (0.7925925925925925)
  ✓ PASS: "Decisions:" label stripped — content still matchable (0.7925925925925925)
  ✓ PASS: "Findings:" label stripped — content still matchable (0.7925925925925925)
  ✓ PASS: "Node:" label stripped — content still matchable (0.7925925925925925)
  ✓ PASS: "Workflow:" label stripped — content still matchable (0.7925925925925925)
  ✓ PASS: "Output:" label stripped — content still matchable (0.7925925925925925)
  ✓ PASS: "Result:" label stripped — content still matchable (0.7925925925925925)
  ✓ PASS: "Errors:" label stripped — content still matchable (0.7925925925925925)
  ✓ PASS: "Outputs:" label stripped — content still matchable (0.7925925925925925)
  ✓ PASS: "Artifacts:" label stripped — content still matchable (0.7925925925925925)

── 1.3 Bracket noise removal [F1] ────────────────────────

  ✓ PASS: Bracket noise removed — content still matches (0.6870588235294118)

── 1.4 Colon-fused word cleanup [F1] ─────────────────────

  ✓ PASS: Colon-fused words cleaned — "context:" → "context" (0.7714285714285714)
  ✓ PASS: Colon after underscore-words cleaned (0.09333333333333334)

── 1.5 Whitespace normalization ──────────────────────────

  ✓ PASS: Extra whitespace normalized — scores identical
  ✓ PASS: Leading/trailing whitespace trimmed

── 2.1 Three-char technical terms included [F2] ──────────

  ✓ PASS: 3-char term "fix" included in keyword matching (0.6210526315789473)
  ✓ PASS: 3-char term "bug" included in keyword matching (0.6210526315789473)
  ✓ PASS: 3-char term "sql" included in keyword matching (0.6210526315789473)
  ✓ PASS: 3-char term "api" included in keyword matching (0.6210526315789473)
  ✓ PASS: 3-char term "git" included in keyword matching (0.6210526315789473)
  ✓ PASS: 3-char term "npm" included in keyword matching (0.6210526315789473)
  ✓ PASS: 3-char term "cli" included in keyword matching (0.6210526315789473)
  ✓ PASS: 3-char term "css" included in keyword matching (0.6210526315789473)
  ✓ PASS: 3-char term "env" included in keyword matching (0.6210526315789473)
  ✓ PASS: 3-char term "key" included in keyword matching (0.6210526315789473)
  ✓ PASS: 3-char term "run" included in keyword matching (0.6210526315789473)
  ✓ PASS: 3-char term "dev" included in keyword matching (0.6210526315789473)
  ✓ PASS: 3-char term "log" included in keyword matching (0.6210526315789473)
  ✓ PASS: 3-char term "err" included in keyword matching (0.6210526315789473)

── 2.2 Two-char words still excluded [F2] ────────────────

  ✓ PASS: 2-char words score lower than 3-char keyword matches (0.08727272727272728)

── 2.3 Single-char and empty inputs ──────────────────────

  ✓ PASS: Single char returns score in [0, 1]
  ✓ PASS: Empty query returns 0
  ✓ PASS: Empty content returns 0
  ✓ PASS: Both empty returns 0

── 3.1 Frequency bias eliminated [F3] ────────────────────

  ✓ PASS: Diverse (0.5667) >= repeated (0.2909)

── 3.2 Distinct match proportionality [F3] ───────────────

  ✓ PASS: 3/3 (0.8500) > 2/3 (0.6240)
  ✓ PASS: 2/3 (0.6240) > 1/3 (0.2171)

── 3.3 No-match returns zero keyword contribution ────────

  ✓ PASS: No keyword overlap yields low score (trigram only) (0.0000)

── 4.1 Trigram identity and zero cases ───────────────────

  ✓ PASS: Identical strings → 1.0
  ✓ PASS: Disjoint strings → 0.0
  ✓ PASS: Short identical strings (< 3 chars) → 1.0
  ✓ PASS: Short different strings → 0.0
  ✓ PASS: Length mismatch with < 3 chars → 0.0

── 4.2 Trigram partial overlap ───────────────────────────

  ✓ PASS: Partial overlap returns intermediate score (0.2857)
  ✓ PASS: Similar strings score higher than dissimilar (0.7894736842105263)

── 4.3 Trigram with structural prefixes ──────────────────

  ✓ PASS: Prefix stripping keeps trigram scores comparable (0.4800)

── 5.1 Composite score range ─────────────────────────────

  ✓ PASS: Score 0.4870 in [0, 1] for pair 0
  ✓ PASS: Score 0.3096 in [0, 1] for pair 1
  ✓ PASS: Score 0.0000 in [0, 1] for pair 2
  ✓ PASS: Score 0.0000 in [0, 1] for pair 3

── 5.2 Length penalty for short content ──────────────────

  ✓ PASS: Short content score valid (0.8000)
  ✓ PASS: Long content with keyword match scores > 0 (0.6457142857142857)

── 5.3 Keyword weight dominance (0.6 keyword + 0.4 trigram) 

  ✓ PASS: High keyword overlap drives score up (0.7818181818181817)

── 5.4 Real-world CTO report regression ──────────────────

  ✓ PASS: CTO report case scores 0.0923 > 0 (was 0 before fixes) (0.09226618705035972)
  ✓ PASS: Short technical query against structured content > 0 (0.4342857142857143)

── 6.1 Basic deduplication ───────────────────────────────

  ✓ PASS: Near-duplicate removed (3 → 2)
  ✓ PASS: Higher-relevance item kept

── 6.2 No dedup for dissimilar items ─────────────────────

  ✓ PASS: All dissimilar items kept

── 6.3 Custom dedup threshold ────────────────────────────

  ✓ PASS: Strict threshold (0.99) keeps similar items
  ✓ PASS: Loose threshold (0.5) removes similar items

── 6.4 Empty and single-item inputs ──────────────────────

  ✓ PASS: Empty array returns empty
  ✓ PASS: Single item returned as-is

── 6.5 Dedup preserves ordering by relevance ─────────────

  ✓ PASS: Highest relevance item preserved
  ✓ PASS: Non-duplicate items preserved

── 6.6 Large-scale dedup correctness ─────────────────────

  ✓ PASS: Dedup reduced 30 items to 11 (11)
  ✓ PASS: Kept distinct items (11)

── 7.1 Score determinism ─────────────────────────────────

  ✓ PASS: Scoring is deterministic across 10 calls

── 7.2 Unicode handling ──────────────────────────────────

  ✓ PASS: Unicode text handled correctly (0.8)
  ✓ PASS: CJK text returns valid score

── 7.3 Special characters ────────────────────────────────

  ✓ PASS: Hash/number characters handled (0.5103448275862068)
  ✓ PASS: Dots in filenames handled (0.45135135135135135)

── 7.4 Very long content ─────────────────────────────────

  ✓ PASS: Very long content (50K chars) returns valid score

════════════════════════════════════════════════════════════
  Storage Layer Tests: 76 passed, 0 failed, 0 skipped
════════════════════════════════════════════════════════════



════════════════════════════════════════════════════════════
✓ 02 — Retrieval Layer: Client Recall (790ms)
════════════════════════════════════════════════════════════

════════════════════════════════════════════════════════════
  02 — Retrieval Layer: Client Recall
════════════════════════════════════════════════════════════


── 1.1 Default minRelevance = 0.15 [F4] ──────────────────

  ✓ PASS: Default threshold is 0.15 (not old 0.3)
  ✓ PASS: 5/9 scores survive new 0.15 threshold
  ✓ PASS: Only 2/9 survived old 0.3 threshold
  ✓ PASS: New threshold surfaces significantly more results (5)

── 1.2 CLIENT_FALLBACK_CEILING caps threshold when client-scoring [F4] 

  ✓ PASS: CLIENT_FALLBACK_CEILING caps 0.3 → 0.15
  ✓ PASS: Real API scores use caller threshold directly
  ✓ PASS: Below-ceiling threshold preserved

── 1.3 Threshold boundary cases ──────────────────────────

  ✓ PASS: Boundary: 0.15 passes, 0.14999 drops

── 2.1 query_timestamp field construction [F5] ───────────

  ✓ PASS: query_timestamp set from opts.before
  ✓ PASS: body.before NOT set

── 2.2 Missing before → no query_timestamp ───────────────

  ✓ PASS: No before → no query_timestamp in body

── 3.1 Normal queries pass through [F6] ──────────────────

  ✓ PASS: Query (11 chars) not truncated
  ✓ PASS: Query (27 chars) not truncated
  ✓ PASS: Query (3999 chars) not truncated

── 3.2 Oversized queries truncated [F6] ──────────────────

  ✓ PASS: 4001-char query truncated to 4000
  ✓ PASS: 10000-char query truncated to 4000
  ✓ PASS: 50000-char query truncated to 4000
  ✓ PASS: 100000-char query truncated to 4000

── 3.3 Boundary: exactly 4000 chars ──────────────────────

  ✓ PASS: Exactly 4000 chars NOT truncated
  ✓ PASS: Content preserved at boundary

── 4.1 All-zero detection triggers client scoring ────────

  ✓ PASS: All-zero detection works for 3 zero-relevance results

── 4.2 Mixed scores do NOT trigger client fallback ───────

  ✓ PASS: Mixed scores do not trigger client fallback

── 4.3 Empty results do NOT trigger client fallback ──────

  ✓ PASS: Empty results do not trigger client fallback

── 5.1 Zero API results message [F10] ────────────────────

  ✓ PASS: Zero results message correct

── 5.2 All-filtered message [F10] ────────────────────────

  ✓ PASS: Filtered message includes count
  ✓ PASS: Dropped count in message
  ✓ PASS: Threshold value in message

── 5.3 Messages are distinct ─────────────────────────────

  ✓ PASS: Two empty-result scenarios produce DIFFERENT messages

── 6.1 Surface rate calculation [F13] ────────────────────

  ✓ PASS: 10/20 → 50% (0.5000)
  ✓ PASS: 1/20 → 5% (0.0500)
  ✓ PASS: 0/20 → 0% (0.0000)
  ✓ PASS: 20/20 → 100% (1.0000)
  ✓ PASS: 0/0 → 100% (1.0000)

── 6.2 Warning threshold at < 10% ────────────────────────

  ✓ PASS: Rate 9% triggers warning
  ✓ PASS: Rate 5% triggers warning
  ✓ PASS: Rate 1% triggers warning
  ✓ PASS: Rate 0% triggers warning
  ✓ PASS: Rate 10% does not trigger warning
  ✓ PASS: Rate 50% does not trigger warning
  ✓ PASS: Rate 100% does not trigger warning

── 7.1 Budget tier max tokens ────────────────────────────

  ✓ PASS: Low tier = 1024
  ✓ PASS: Mid tier = 4096
  ✓ PASS: High tier = 8192
  ✓ PASS: Unknown tier defaults to 4096

── 7.2 Effective max tokens = min(requested, tierCap) ────

  ✓ PASS: 2000 tokens @ mid → 2000
  ✓ PASS: 10000 tokens @ mid → 4096
  ✓ PASS: 500 tokens @ low → 500
  ✓ PASS: 2000 tokens @ low → 1024
  ✓ PASS: 8192 tokens @ high → 8192
  ✓ PASS: 100000 tokens @ high → 8192

── 8.1 Temporal bucket floor uses new threshold ──────────

  ✓ PASS: Temporal floor ≈ 0.10 (0.1000)
  ✓ PASS: Old temporal floor was 0.25 (too aggressive)
  ✓ PASS: New floor (0.10) is more permissive than old (0.25)

── 8.2 LOW_CONFIDENCE_THRESHOLD lowered to 0.3 ───────────

  ✓ PASS: Client scores with 0.35 NOT flagged as low confidence

── 8.3 Temporal ratio clamping ───────────────────────────

  ✓ PASS: Normal ratio preserved
  ✓ PASS: Negative clamped to 0
  ✓ PASS: Over-1 clamped to 1
  ✓ PASS: Zero preserved
  ✓ PASS: One preserved

── 9.1 onIO event structure for successful recall ────────

  ✓ PASS: onIO called once
  ✓ PASS: Event op is recall
  ✓ PASS: Detail shows result/total ratio
  ✓ PASS: Detail shows surface rate

── 9.2 onIO event for zero-result scenarios ──────────────

  ✓ PASS: Zero-result detail correct
  ✓ PASS: Filtered detail shows count

════════════════════════════════════════════════════════════
  Retrieval Layer Tests: 65 passed, 0 failed, 0 skipped
════════════════════════════════════════════════════════════



════════════════════════════════════════════════════════════
✗ 03 — Indexing: Query Classification & Context Assembly (738ms)
════════════════════════════════════════════════════════════


node:internal/modules/run_main:104
    triggerUncaughtException(
    ^
Error [ERR_MODULE_NOT_FOUND]: Cannot find package '@orionomega/hindsight' imported from /Users/aaronbosh/repos/orionomega/packages/core/src/memory/query-classifier.ts
    at Object.getPackageJSONURL (node:internal/modules/package_json_reader:267:9)
    at packageResolve (node:internal/modules/esm/resolve:768:81)
    at moduleResolve (node:internal/modules/esm/resolve:854:18)
    at defaultResolve (node:internal/modules/esm/resolve:984:11)
    at nextResolve (node:internal/modules/esm/hooks:748:28)
    at resolveBase (file:///Users/aaronbosh/.npm/_npx/fd45a72a545557e9/node_modules/tsx/dist/register-zZ7SWseA.mjs:2:8498)
    at resolveDirectory (file:///Users/aaronbosh/.npm/_npx/fd45a72a545557e9/node_modules/tsx/dist/register-zZ7SWseA.mjs:2:9584)
    at resolveTsPaths (file:///Users/aaronbosh/.npm/_npx/fd45a72a545557e9/node_modules/tsx/dist/register-zZ7SWseA.mjs:2:11114)
    at resolve (file:///Users/aaronbosh/.npm/_npx/fd45a72a545557e9/node_modules/tsx/dist/register-zZ7SWseA.mjs:2:12294)
    at nextResolve (node:internal/modules/esm/hooks:748:28) {
  code: 'ERR_MODULE_NOT_FOUND'
}

Node.js v23.7.0


════════════════════════════════════════════════════════════
✗ 04 — Integration: End-to-End Memory Operations (761ms)
════════════════════════════════════════════════════════════


node:internal/modules/run_main:104
    triggerUncaughtException(
    ^
Error [ERR_MODULE_NOT_FOUND]: Cannot find package '@orionomega/hindsight' imported from /Users/aaronbosh/repos/orionomega/packages/core/src/memory/query-classifier.ts
    at Object.getPackageJSONURL (node:internal/modules/package_json_reader:267:9)
    at packageResolve (node:internal/modules/esm/resolve:768:81)
    at moduleResolve (node:internal/modules/esm/resolve:854:18)
    at defaultResolve (node:internal/modules/esm/resolve:984:11)
    at nextResolve (node:internal/modules/esm/hooks:748:28)
    at resolveBase (file:///Users/aaronbosh/.npm/_npx/fd45a72a545557e9/node_modules/tsx/dist/register-zZ7SWseA.mjs:2:8498)
    at resolveDirectory (file:///Users/aaronbosh/.npm/_npx/fd45a72a545557e9/node_modules/tsx/dist/register-zZ7SWseA.mjs:2:9584)
    at resolveTsPaths (file:///Users/aaronbosh/.npm/_npx/fd45a72a545557e9/node_modules/tsx/dist/register-zZ7SWseA.mjs:2:11114)
    at resolve (file:///Users/aaronbosh/.npm/_npx/fd45a72a545557e9/node_modules/tsx/dist/register-zZ7SWseA.mjs:2:12294)
    at nextResolve (node:internal/modules/esm/hooks:748:28) {
  code: 'ERR_MODULE_NOT_FOUND'
}

Node.js v23.7.0


════════════════════════════════════════════════════════════
✗ 05 — Error Scenarios: Corruption Recovery (791ms)
════════════════════════════════════════════════════════════


node:internal/modules/run_main:104
    triggerUncaughtException(
    ^
Error [ERR_MODULE_NOT_FOUND]: Cannot find package '@orionomega/hindsight' imported from /Users/aaronbosh/repos/orionomega/packages/core/src/memory/query-classifier.ts
    at Object.getPackageJSONURL (node:internal/modules/package_json_reader:267:9)
    at packageResolve (node:internal/modules/esm/resolve:768:81)
    at moduleResolve (node:internal/modules/esm/resolve:854:18)
    at defaultResolve (node:internal/modules/esm/resolve:984:11)
    at nextResolve (node:internal/modules/esm/hooks:748:28)
    at resolveBase (file:///Users/aaronbosh/.npm/_npx/fd45a72a545557e9/node_modules/tsx/dist/register-zZ7SWseA.mjs:2:8498)
    at resolveDirectory (file:///Users/aaronbosh/.npm/_npx/fd45a72a545557e9/node_modules/tsx/dist/register-zZ7SWseA.mjs:2:9584)
    at resolveTsPaths (file:///Users/aaronbosh/.npm/_npx/fd45a72a545557e9/node_modules/tsx/dist/register-zZ7SWseA.mjs:2:11114)
    at resolve (file:///Users/aaronbosh/.npm/_npx/fd45a72a545557e9/node_modules/tsx/dist/register-zZ7SWseA.mjs:2:12294)
    at nextResolve (node:internal/modules/esm/hooks:748:28) {
  code: 'ERR_MODULE_NOT_FOUND'
}

Node.js v23.7.0


════════════════════════════════════════════════════════════
✗ 06 — Performance Benchmarks (814ms)
════════════════════════════════════════════════════════════


node:internal/modules/run_main:104
    triggerUncaughtException(
    ^
Error [ERR_MODULE_NOT_FOUND]: Cannot find package '@orionomega/hindsight' imported from /Users/aaronbosh/repos/orionomega/packages/core/src/memory/query-classifier.ts
    at Object.getPackageJSONURL (node:internal/modules/package_json_reader:267:9)
    at packageResolve (node:internal/modules/esm/resolve:768:81)
    at moduleResolve (node:internal/modules/esm/resolve:854:18)
    at defaultResolve (node:internal/modules/esm/resolve:984:11)
    at nextResolve (node:internal/modules/esm/hooks:748:28)
    at resolveBase (file:///Users/aaronbosh/.npm/_npx/fd45a72a545557e9/node_modules/tsx/dist/register-zZ7SWseA.mjs:2:8498)
    at resolveDirectory (file:///Users/aaronbosh/.npm/_npx/fd45a72a545557e9/node_modules/tsx/dist/register-zZ7SWseA.mjs:2:9584)
    at resolveTsPaths (file:///Users/aaronbosh/.npm/_npx/fd45a72a545557e9/node_modules/tsx/dist/register-zZ7SWseA.mjs:2:11114)
    at resolve (file:///Users/aaronbosh/.npm/_npx/fd45a72a545557e9/node_modules/tsx/dist/register-zZ7SWseA.mjs:2:12294)
    at nextResolve (node:internal/modules/esm/hooks:748:28) {
  code: 'ERR_MODULE_NOT_FOUND'
}

Node.js v23.7.0

